// Vitest Snapshot v1, https://vitest.dev/guide/snapshot.html

exports[`React components test > should render once while initial rendering 1`] = `"<div><div>John Doe: 0</div></div>"`;
