// Vitest Snapshot v1, https://vitest.dev/guide/snapshot.html

exports[`StateToPersist specs should be able extract actionsToRetry 1`] = `"<html><head><link rel="preload" as="image" href="https://sigi.how/image.jpeg"/><link rel="stylesheet" href="https://sigi.how/style.css"/></head><body><div id="app"><img src="https://sigi.how/image.jpeg" alt=""/></div><script id="sigi-persisted-data">window['SIGI_STATE']={"foo":1};window['SIGI_RETRY']={"home":["initAppContext"]}</script></body></html>"`;

exports[`StateToPersist specs should be able to extractScriptString without tag 1`] = `"window['SIGI_STATE']={"bar":"baz"};window['SIGI_RETRY']={}"`;

exports[`StateToPersist specs should be able to extractToJSONScriptString 1`] = `"<script id="SIGI_STATE" type="application/json">{"foo":"bar"}</script><script id="SIGI_RETRY" type="application/json">{}</script>"`;

exports[`StateToPersist specs should be able to renderToJSX 1`] = `"<html><head><link rel="preload" as="image" href="https://sigi.how/image.jpeg"/><link rel="stylesheet" href="https://sigi.how/style.css"/></head><body><div id="app"><img src="https://sigi.how/image.jpeg" alt=""/></div><script id="sigi-persisted-data">window['SIGI_STATE']={"foo":1};window['SIGI_RETRY']={}</script></body></html>"`;

exports[`StateToPersist specs should prevent xss 1`] = `"<html><head><link rel="preload" as="image" href="https://sigi.how/image.jpeg"/><link rel="stylesheet" href="https://sigi.how/style.css"/></head><body><div id="app"><img src="https://sigi.how/image.jpeg" alt=""/></div><script id="sigi-persisted-data">window['SIGI_STATE']={"xss":"\\u003C\\u002Fscript\\u003E\\u003Cscript\\u003Ealert(1);\\u003C\\u002Fscript\\u003E"};window['SIGI_RETRY']={}</script></body></html>"`;

exports[`StateToPersist specs should render to document 1`] = `"<html><head><link rel="preload" as="image" href="https://sigi.how/image.jpeg"/><link rel="stylesheet" href="https://sigi.how/style.css"/></head><body><div id="app"><img src="https://sigi.how/image.jpeg" alt=""/></div><script id="sigi-persisted-data">window['SIGI_STATE']={"foo":1};window['SIGI_RETRY']={}</script></body></html>"`;
